// Bun Snapshot v1, https://goo.gl/fbAQLP

exports[`Input should match snapshot 1`] = `"<input type="text" name="test" class="text-black border-2 dark:focus:border-emerald-500 p-2 rounded outline-none dark:bg-slate-200"/>"`;
